// Jest Snapshot v1, https://goo.gl/fbAQLP

exports[`renders correctly 1`] = `
.emotion-2 {
  width: 100%;
  display: -webkit-box;
  display: -webkit-flex;
  display: -ms-flexbox;
  display: flex;
  -webkit-box-pack: center;
  -webkit-justify-content: center;
  -ms-flex-pack: center;
  justify-content: center;
  position: relative;
  padding: 14px;
  font-size: 14px;
}

.emotion-0 {
  font-size: 16px;
}

.emotion-1 {
  position: absolute;
  top: 50%;
  -webkit-transform: translateY(-50%);
  -ms-transform: translateY(-50%);
  transform: translateY(-50%);
  font-size: 14px;
  right: 14px;
}

.emotion-13 {
  border-spacing: 0;
  margin-bottom: 0;
  width: 100%;
  text-align: center;
}

.emotion-11 {
  padding: 0 6px;
}

.emotion-10 {
  display: -webkit-box;
  display: -webkit-flex;
  display: -ms-flexbox;
  display: flex;
  width: 100%;
  -webkit-box-pack: justify;
  -webkit-justify-content: space-between;
  -ms-flex-pack: justify;
  justify-content: space-between;
}

.emotion-3 {
  width: 14.285714285714286%;
  -webkit-flex-basis: 14.285714285714286%;
  -ms-flex-preferred-size: 14.285714285714286%;
  flex-basis: 14.285714285714286%;
  line-height: 18px;
  padding: 7px 0;
}

.emotion-12 {
  width: 100%;
  overflow: hidden;
}

<div
  className="reservation-by-day rV-by-day"
>
  <div
    className="rV-header emotion-2"
  >
    <div
      className="rV-header__label emotion-0"
    >
      <span>
        2020-11
      </span>
    </div>
    <a
      className="rV-header__arrow rV-header__next-arrow emotion-1"
      onClick={[Function]}
      title="next"
    >
      Next
    </a>
  </div>
  <div
    className="rV-panel emotion-13"
  >
    <div
      className="rV-thead emotion-11"
    >
      <div
        className="rV-tr emotion-10"
        role="row"
      >
        <div
          className="rV-th rV-column-header emotion-3"
          role="columnheader"
          title="Sun"
        >
          <span
            className="rV-column-header-inner"
          >
            Sun
          </span>
        </div>
        <div
          className="rV-th rV-column-header emotion-3"
          role="columnheader"
          title="Mon"
        >
          <span
            className="rV-column-header-inner"
          >
            Mon
          </span>
        </div>
        <div
          className="rV-th rV-column-header emotion-3"
          role="columnheader"
          title="Tue"
        >
          <span
            className="rV-column-header-inner"
          >
            Tue
          </span>
        </div>
        <div
          className="rV-th rV-column-header emotion-3"
          role="columnheader"
          title="Wed"
        >
          <span
            className="rV-column-header-inner"
          >
            Wed
          </span>
        </div>
        <div
          className="rV-th rV-column-header emotion-3"
          role="columnheader"
          title="Thu"
        >
          <span
            className="rV-column-header-inner"
          >
            Thu
          </span>
        </div>
        <div
          className="rV-th rV-column-header emotion-3"
          role="columnheader"
          title="Fri"
        >
          <span
            className="rV-column-header-inner"
          >
            Fri
          </span>
        </div>
        <div
          className="rV-th rV-column-header emotion-3"
          role="columnheader"
          title="Sat"
        >
          <span
            className="rV-column-header-inner"
          >
            Sat
          </span>
        </div>
      </div>
    </div>
    <div
      className="rV-viewer emotion-12"
    />
  </div>
</div>
`;
